2024-07-25T08:40:09.775Z    +46ms [debug] Config loaded {"version":"2.43.4","cdkVersion":"2.142.1","constructsVersion":"10.3.0","config":{"name":"oidc-client","region":"eu-central-1","cdk":{"qualifier":"sst","fileAssetsBucketName":"sst-cdktoolkit","toolkitStackName":"sst-CDKToolkit"},"stage":"production","ssmPrefix":"/sst/oidc-client/production/"},"metafile":{"inputs":{"packages/oidc-client/sst.config.ts":{"bytes":354,"imports":[{"path":"sst","kind":"import-statement","external":true},{"path":"./stacks/OIDCClient","kind":"import-statement","external":true}],"format":"esm"}},"outputs":{"packages/oidc-client/.sst.config.1721896809741.mjs":{"imports":[],"exports":["default"],"entryPoint":"packages/oidc-client/sst.config.ts","inputs":{"packages/oidc-client/sst.config.ts":{"bytesInOutput":262}},"bytes":465}}},"paths":{"config":"/Users/royscheeren/Projects/siwt/packages/oidc-client/sst.config.ts","root":"/Users/royscheeren/Projects/siwt/packages/oidc-client","out":"/Users/royscheeren/Projects/siwt/packages/oidc-client/.sst","artifacts":"/Users/royscheeren/Projects/siwt/packages/oidc-client/.sst/artifacts"}}
2024-07-25T08:40:10.105Z   +330ms [debug] Using AWS profile 
2024-07-25T08:40:10.107Z     +2ms [debug] Created AWS client STSClient
2024-07-25T08:40:10.108Z     +1ms [debug] Fetching app metadata
2024-07-25T08:40:10.108Z     +0ms [debug] Initializing bootstrap context
2024-07-25T08:40:10.109Z     +1ms [debug] Created AWS client CloudFormationClient
2024-07-25T08:40:10.248Z   +139ms [debug] Using identity Account: 320729347166 User: AIDAUVLHVORPHJGVP37N4
2024-07-25T08:40:10.269Z    +21ms [debug] Loaded bootstrap status
2024-07-25T08:40:10.270Z     +1ms [debug] Bootstrap context initialized {"status":"ready","version":"7.3","bucket":"sstbootstrap-eucentral134f82fae-mzekp4qkzwlu"}
2024-07-25T08:40:11.038Z   +768ms [debug] Synthesizing stacks...
2024-07-25T08:40:11.046Z     +8ms [debug] Generating types in /Users/royscheeren/Projects/siwt/packages/oidc-client/.sst/types
2024-07-25T08:40:11.174Z   +128ms [debug] Running 1 deferred tasks with concurrency: 9
2024-07-25T08:40:14.639Z  +3465ms [debug] 
2024-07-25T08:40:14.639Z     +0ms [debug] Loading v2 AWS SDK
2024-07-25T08:40:14.639Z     +0ms [debug] Finished synthesizing
2024-07-25T08:40:14.650Z    +11ms [debug] Deploying stacks ["production-oidc-client-OIDCClient"]
2024-07-25T08:40:14.654Z     +3ms [debug] Checking if production-oidc-client-OIDCClient is ready to deploy
2024-07-25T08:40:14.654Z     +1ms [debug] Deploying stack production-oidc-client-OIDCClient
2024-07-25T08:40:14.908Z   +254ms [debug] Publishing event {"type":"stack.status","properties":{"stackID":"production-oidc-client-OIDCClient","status":"PUBLISH_ASSETS_IN_PROGRESS"},"sourceID":"76a05a9b5d5621e3a040005e98a0ce3e"}
2024-07-25T08:40:15.966Z  +1058ms [debug] Publishing event {"type":"stack.status","properties":{"stackID":"production-oidc-client-OIDCClient","status":"SKIPPED"},"sourceID":"76a05a9b5d5621e3a040005e98a0ce3e"}
2024-07-25T08:40:15.981Z    +15ms [debug] Saving app metadata
